// Jest Snapshot v1, https://goo.gl/fbAQLP

exports[`PokemonOptions Component debe de hacer match con el snapshot 1`] = `
<div class="options-container">
  <ul>
    <li>Pikachu</li>
    <li>Charmander</li>
    <li>Bolvarsor</li>
    <li>Squire</li>
  </ul>
</div>
`;
